[2025-12-20T16:42:47.025+0000] {taskinstance.py:1957} INFO - Dependencies all met for dep_context=non-requeueable deps ti=<TaskInstance: warehouse_delivery_refresh.refresh_warehouse_delivery manual__2025-12-20T16:42:45.220777+00:00 [queued]>
[2025-12-20T16:42:47.029+0000] {taskinstance.py:1957} INFO - Dependencies all met for dep_context=requeueable deps ti=<TaskInstance: warehouse_delivery_refresh.refresh_warehouse_delivery manual__2025-12-20T16:42:45.220777+00:00 [queued]>
[2025-12-20T16:42:47.030+0000] {taskinstance.py:2171} INFO - Starting attempt 1 of 2
[2025-12-20T16:42:47.037+0000] {taskinstance.py:2192} INFO - Executing <Task(PythonOperator): refresh_warehouse_delivery> on 2025-12-20 16:42:45.220777+00:00
[2025-12-20T16:42:47.039+0000] {standard_task_runner.py:60} INFO - Started process 1097 to run task
[2025-12-20T16:42:47.047+0000] {standard_task_runner.py:87} INFO - Running: ['***', 'tasks', 'run', 'warehouse_delivery_refresh', 'refresh_warehouse_delivery', 'manual__2025-12-20T16:42:45.220777+00:00', '--job-id', '16', '--raw', '--subdir', 'DAGS_FOLDER/warehouse_delivery_dag.py', '--cfg-path', '/tmp/tmpicbbw9za']
[2025-12-20T16:42:47.055+0000] {standard_task_runner.py:88} INFO - Job 16: Subtask refresh_warehouse_delivery
[2025-12-20T16:42:47.104+0000] {task_command.py:423} INFO - Running <TaskInstance: warehouse_delivery_refresh.refresh_warehouse_delivery manual__2025-12-20T16:42:45.220777+00:00 [running]> on host 854d89afec24
[2025-12-20T16:42:47.310+0000] {taskinstance.py:2481} INFO - Exporting env vars: AIRFLOW_CTX_DAG_OWNER='***' AIRFLOW_CTX_DAG_ID='warehouse_delivery_refresh' AIRFLOW_CTX_TASK_ID='refresh_warehouse_delivery' AIRFLOW_CTX_EXECUTION_DATE='2025-12-20T16:42:45.220777+00:00' AIRFLOW_CTX_TRY_NUMBER='1' AIRFLOW_CTX_DAG_RUN_ID='manual__2025-12-20T16:42:45.220777+00:00'
[2025-12-20T16:42:47.322+0000] {logging_mixin.py:188} WARNING - /home/***/.local/lib/python3.8/site-packages/***/utils/context.py:315 AirflowContextDeprecationWarning: Accessing 'execution_date' from the template is deprecated and will be removed in a future version. Please use 'data_interval_start' or 'logical_date' instead.
[2025-12-20T16:42:47.322+0000] {logging_mixin.py:188} INFO - Обновление витрины 'Доставка по складам' за дату: 2025-12-20
[2025-12-20T16:42:47.326+0000] {taskinstance.py:2699} ERROR - Task failed with exception
Traceback (most recent call last):
  File "/home/airflow/.local/lib/python3.8/site-packages/airflow/models/taskinstance.py", line 433, in _execute_task
    result = execute_callable(context=context, **execute_callable_kwargs)
  File "/home/airflow/.local/lib/python3.8/site-packages/airflow/operators/python.py", line 199, in execute
    return_value = self.execute_callable()
  File "/home/airflow/.local/lib/python3.8/site-packages/airflow/operators/python.py", line 216, in execute_callable
    return self.python_callable(*self.op_args, **self.op_kwargs)
  File "/opt/airflow/dags/warehouse_delivery_dag.py", line 116, in refresh_warehouse_delivery
    raise e
  File "/opt/airflow/dags/warehouse_delivery_dag.py", line 110, in refresh_warehouse_delivery
    cur.execute(sql)
psycopg2.errors.UndefinedColumn: column soid.is_current does not exist
LINE 62:         AND soid.is_current = TRUE
                     ^

[2025-12-20T16:42:47.336+0000] {taskinstance.py:1138} INFO - Marking task as UP_FOR_RETRY. dag_id=warehouse_delivery_refresh, task_id=refresh_warehouse_delivery, execution_date=20251220T164245, start_date=20251220T164247, end_date=20251220T164247
[2025-12-20T16:42:47.343+0000] {standard_task_runner.py:107} ERROR - Failed to execute job 16 for task refresh_warehouse_delivery (column soid.is_current does not exist
LINE 62:         AND soid.is_current = TRUE
                     ^
; 1097)
[2025-12-20T16:42:47.350+0000] {local_task_job_runner.py:234} INFO - Task exited with return code 1
[2025-12-20T16:42:47.364+0000] {taskinstance.py:3281} INFO - 0 downstream tasks scheduled from follow-on schedule check
