[2025-12-21T16:10:48.862+0000] {taskinstance.py:1957} INFO - Dependencies all met for dep_context=non-requeueable deps ti=<TaskInstance: warehouse_delivery_refresh.refresh_warehouse_delivery scheduled__2025-12-20T03:00:00+00:00 [queued]>
[2025-12-21T16:10:48.868+0000] {taskinstance.py:1957} INFO - Dependencies all met for dep_context=requeueable deps ti=<TaskInstance: warehouse_delivery_refresh.refresh_warehouse_delivery scheduled__2025-12-20T03:00:00+00:00 [queued]>
[2025-12-21T16:10:48.868+0000] {taskinstance.py:2171} INFO - Starting attempt 2 of 2
[2025-12-21T16:10:48.876+0000] {taskinstance.py:2192} INFO - Executing <Task(PythonOperator): refresh_warehouse_delivery> on 2025-12-20 03:00:00+00:00
[2025-12-21T16:10:48.879+0000] {standard_task_runner.py:60} INFO - Started process 178 to run task
[2025-12-21T16:10:48.882+0000] {standard_task_runner.py:87} INFO - Running: ['***', 'tasks', 'run', 'warehouse_delivery_refresh', 'refresh_warehouse_delivery', 'scheduled__2025-12-20T03:00:00+00:00', '--job-id', '4', '--raw', '--subdir', 'DAGS_FOLDER/warehouse_delivery_dag.py', '--cfg-path', '/tmp/tmpo8b_ezmq']
[2025-12-21T16:10:48.886+0000] {standard_task_runner.py:88} INFO - Job 4: Subtask refresh_warehouse_delivery
[2025-12-21T16:10:48.947+0000] {task_command.py:423} INFO - Running <TaskInstance: warehouse_delivery_refresh.refresh_warehouse_delivery scheduled__2025-12-20T03:00:00+00:00 [running]> on host ba6a44c4c07b
[2025-12-21T16:10:49.114+0000] {taskinstance.py:2481} INFO - Exporting env vars: AIRFLOW_CTX_DAG_OWNER='***' AIRFLOW_CTX_DAG_ID='warehouse_delivery_refresh' AIRFLOW_CTX_TASK_ID='refresh_warehouse_delivery' AIRFLOW_CTX_EXECUTION_DATE='2025-12-20T03:00:00+00:00' AIRFLOW_CTX_TRY_NUMBER='2' AIRFLOW_CTX_DAG_RUN_ID='scheduled__2025-12-20T03:00:00+00:00'
[2025-12-21T16:10:49.153+0000] {taskinstance.py:2699} ERROR - Task failed with exception
Traceback (most recent call last):
  File "/home/airflow/.local/lib/python3.8/site-packages/airflow/models/taskinstance.py", line 433, in _execute_task
    result = execute_callable(context=context, **execute_callable_kwargs)
  File "/home/airflow/.local/lib/python3.8/site-packages/airflow/operators/python.py", line 199, in execute
    return_value = self.execute_callable()
  File "/home/airflow/.local/lib/python3.8/site-packages/airflow/operators/python.py", line 216, in execute_callable
    return self.python_callable(*self.op_args, **self.op_kwargs)
  File "/opt/airflow/dags/warehouse_delivery_dag.py", line 40, in refresh_warehouse_delivery
    print(f"Обновление витрины 'Доставка по складам' за дату: {business_date}")
NameError: name 'business_date' is not defined
[2025-12-21T16:10:49.170+0000] {taskinstance.py:1138} INFO - Marking task as FAILED. dag_id=warehouse_delivery_refresh, task_id=refresh_warehouse_delivery, execution_date=20251220T030000, start_date=20251221T161048, end_date=20251221T161049
[2025-12-21T16:10:49.179+0000] {standard_task_runner.py:107} ERROR - Failed to execute job 4 for task refresh_warehouse_delivery (name 'business_date' is not defined; 178)
[2025-12-21T16:10:49.192+0000] {local_task_job_runner.py:234} INFO - Task exited with return code 1
[2025-12-21T16:10:49.207+0000] {taskinstance.py:3281} INFO - 0 downstream tasks scheduled from follow-on schedule check
