[2025-12-20T15:59:05.704+0000] {taskinstance.py:1957} INFO - Dependencies all met for dep_context=non-requeueable deps ti=<TaskInstance: purchase_analytics_refresh.refresh_purchase_analytics scheduled__2025-12-19T02:00:00+00:00 [queued]>
[2025-12-20T15:59:05.709+0000] {taskinstance.py:1957} INFO - Dependencies all met for dep_context=requeueable deps ti=<TaskInstance: purchase_analytics_refresh.refresh_purchase_analytics scheduled__2025-12-19T02:00:00+00:00 [queued]>
[2025-12-20T15:59:05.709+0000] {taskinstance.py:2171} INFO - Starting attempt 2 of 2
[2025-12-20T15:59:05.716+0000] {taskinstance.py:2192} INFO - Executing <Task(PythonOperator): refresh_purchase_analytics> on 2025-12-19 02:00:00+00:00
[2025-12-20T15:59:05.719+0000] {standard_task_runner.py:60} INFO - Started process 218 to run task
[2025-12-20T15:59:05.721+0000] {standard_task_runner.py:87} INFO - Running: ['***', 'tasks', 'run', 'purchase_analytics_refresh', 'refresh_purchase_analytics', 'scheduled__2025-12-19T02:00:00+00:00', '--job-id', '13', '--raw', '--subdir', 'DAGS_FOLDER/purchase_analytics_dag.py', '--cfg-path', '/tmp/tmpxc5p533i']
[2025-12-20T15:59:05.723+0000] {standard_task_runner.py:88} INFO - Job 13: Subtask refresh_purchase_analytics
[2025-12-20T15:59:05.767+0000] {task_command.py:423} INFO - Running <TaskInstance: purchase_analytics_refresh.refresh_purchase_analytics scheduled__2025-12-19T02:00:00+00:00 [running]> on host 854d89afec24
[2025-12-20T15:59:05.920+0000] {taskinstance.py:2481} INFO - Exporting env vars: AIRFLOW_CTX_DAG_OWNER='***' AIRFLOW_CTX_DAG_ID='purchase_analytics_refresh' AIRFLOW_CTX_TASK_ID='refresh_purchase_analytics' AIRFLOW_CTX_EXECUTION_DATE='2025-12-19T02:00:00+00:00' AIRFLOW_CTX_TRY_NUMBER='2' AIRFLOW_CTX_DAG_RUN_ID='scheduled__2025-12-19T02:00:00+00:00'
[2025-12-20T15:59:05.942+0000] {taskinstance.py:2699} ERROR - Task failed with exception
Traceback (most recent call last):
  File "/home/airflow/.local/lib/python3.8/site-packages/airflow/models/taskinstance.py", line 433, in _execute_task
    result = execute_callable(context=context, **execute_callable_kwargs)
  File "/home/airflow/.local/lib/python3.8/site-packages/airflow/operators/python.py", line 199, in execute
    return_value = self.execute_callable()
  File "/home/airflow/.local/lib/python3.8/site-packages/airflow/operators/python.py", line 216, in execute_callable
    return self.python_callable(*self.op_args, **self.op_kwargs)
  File "/opt/airflow/dags/purchase_analytics_dag.py", line 88, in refresh_purchase_analytics
    raise e
  File "/opt/airflow/dags/purchase_analytics_dag.py", line 82, in refresh_purchase_analytics
    cur.execute(sql)
psycopg2.errors.UndefinedColumn: column soid.is_current does not exist
LINE 35:         AND soid.is_current = TRUE
                     ^
HINT:  Perhaps you meant to reference the column "od.is_current".

[2025-12-20T15:59:05.954+0000] {taskinstance.py:1138} INFO - Marking task as FAILED. dag_id=purchase_analytics_refresh, task_id=refresh_purchase_analytics, execution_date=20251219T020000, start_date=20251220T155905, end_date=20251220T155905
[2025-12-20T15:59:05.963+0000] {standard_task_runner.py:107} ERROR - Failed to execute job 13 for task refresh_purchase_analytics (column soid.is_current does not exist
LINE 35:         AND soid.is_current = TRUE
                     ^
HINT:  Perhaps you meant to reference the column "od.is_current".
; 218)
[2025-12-20T15:59:05.986+0000] {local_task_job_runner.py:234} INFO - Task exited with return code 1
[2025-12-20T15:59:06.000+0000] {taskinstance.py:3281} INFO - 0 downstream tasks scheduled from follow-on schedule check
