[2025-12-20T16:51:46.370+0000] {taskinstance.py:1957} INFO - Dependencies all met for dep_context=non-requeueable deps ti=<TaskInstance: warehouse_delivery_refresh.refresh_warehouse_delivery manual__2025-12-20T16:46:42.380156+00:00 [queued]>
[2025-12-20T16:51:46.376+0000] {taskinstance.py:1957} INFO - Dependencies all met for dep_context=requeueable deps ti=<TaskInstance: warehouse_delivery_refresh.refresh_warehouse_delivery manual__2025-12-20T16:46:42.380156+00:00 [queued]>
[2025-12-20T16:51:46.376+0000] {taskinstance.py:2171} INFO - Starting attempt 2 of 2
[2025-12-20T16:51:46.385+0000] {taskinstance.py:2192} INFO - Executing <Task(PythonOperator): refresh_warehouse_delivery> on 2025-12-20 16:46:42.380156+00:00
[2025-12-20T16:51:46.388+0000] {standard_task_runner.py:60} INFO - Started process 1322 to run task
[2025-12-20T16:51:46.393+0000] {standard_task_runner.py:87} INFO - Running: ['***', 'tasks', 'run', 'warehouse_delivery_refresh', 'refresh_warehouse_delivery', 'manual__2025-12-20T16:46:42.380156+00:00', '--job-id', '19', '--raw', '--subdir', 'DAGS_FOLDER/warehouse_delivery_dag.py', '--cfg-path', '/tmp/tmpxyyx4xwb']
[2025-12-20T16:51:46.398+0000] {standard_task_runner.py:88} INFO - Job 19: Subtask refresh_warehouse_delivery
[2025-12-20T16:51:46.463+0000] {task_command.py:423} INFO - Running <TaskInstance: warehouse_delivery_refresh.refresh_warehouse_delivery manual__2025-12-20T16:46:42.380156+00:00 [running]> on host 854d89afec24
[2025-12-20T16:51:46.645+0000] {taskinstance.py:2481} INFO - Exporting env vars: AIRFLOW_CTX_DAG_OWNER='***' AIRFLOW_CTX_DAG_ID='warehouse_delivery_refresh' AIRFLOW_CTX_TASK_ID='refresh_warehouse_delivery' AIRFLOW_CTX_EXECUTION_DATE='2025-12-20T16:46:42.380156+00:00' AIRFLOW_CTX_TRY_NUMBER='2' AIRFLOW_CTX_DAG_RUN_ID='manual__2025-12-20T16:46:42.380156+00:00'
[2025-12-20T16:51:46.658+0000] {logging_mixin.py:188} WARNING - /home/***/.local/lib/python3.8/site-packages/***/utils/context.py:315 AirflowContextDeprecationWarning: Accessing 'execution_date' from the template is deprecated and will be removed in a future version. Please use 'data_interval_start' or 'logical_date' instead.
[2025-12-20T16:51:46.659+0000] {logging_mixin.py:188} INFO - Обновление витрины 'Доставка по складам' за дату: 2025-12-20
[2025-12-20T16:51:46.664+0000] {taskinstance.py:2699} ERROR - Task failed with exception
Traceback (most recent call last):
  File "/home/airflow/.local/lib/python3.8/site-packages/airflow/models/taskinstance.py", line 433, in _execute_task
    result = execute_callable(context=context, **execute_callable_kwargs)
  File "/home/airflow/.local/lib/python3.8/site-packages/airflow/operators/python.py", line 199, in execute
    return_value = self.execute_callable()
  File "/home/airflow/.local/lib/python3.8/site-packages/airflow/operators/python.py", line 216, in execute_callable
    return self.python_callable(*self.op_args, **self.op_kwargs)
  File "/opt/airflow/dags/warehouse_delivery_dag.py", line 116, in refresh_warehouse_delivery
    raise e
  File "/opt/airflow/dags/warehouse_delivery_dag.py", line 110, in refresh_warehouse_delivery
    cur.execute(sql)
psycopg2.errors.UndefinedColumn: column soid.is_current does not exist
LINE 62:         AND soid.is_current = TRUE
                     ^

[2025-12-20T16:51:46.675+0000] {taskinstance.py:1138} INFO - Marking task as FAILED. dag_id=warehouse_delivery_refresh, task_id=refresh_warehouse_delivery, execution_date=20251220T164642, start_date=20251220T165146, end_date=20251220T165146
[2025-12-20T16:51:46.685+0000] {standard_task_runner.py:107} ERROR - Failed to execute job 19 for task refresh_warehouse_delivery (column soid.is_current does not exist
LINE 62:         AND soid.is_current = TRUE
                     ^
; 1322)
[2025-12-20T16:51:46.698+0000] {local_task_job_runner.py:234} INFO - Task exited with return code 1
[2025-12-20T16:51:46.716+0000] {taskinstance.py:3281} INFO - 0 downstream tasks scheduled from follow-on schedule check
