[2025-12-21T15:22:58.003+0000] {taskinstance.py:1957} INFO - Dependencies all met for dep_context=non-requeueable deps ti=<TaskInstance: purchase_analytics_refresh.refresh_purchase_analytics scheduled__2025-12-20T02:00:00+00:00 [queued]>
[2025-12-21T15:22:58.011+0000] {taskinstance.py:1957} INFO - Dependencies all met for dep_context=requeueable deps ti=<TaskInstance: purchase_analytics_refresh.refresh_purchase_analytics scheduled__2025-12-20T02:00:00+00:00 [queued]>
[2025-12-21T15:22:58.013+0000] {taskinstance.py:2171} INFO - Starting attempt 1 of 2
[2025-12-21T15:22:58.033+0000] {taskinstance.py:2192} INFO - Executing <Task(PythonOperator): refresh_purchase_analytics> on 2025-12-20 02:00:00+00:00
[2025-12-21T15:22:58.038+0000] {standard_task_runner.py:60} INFO - Started process 57 to run task
[2025-12-21T15:22:58.043+0000] {standard_task_runner.py:87} INFO - Running: ['***', 'tasks', 'run', 'purchase_analytics_refresh', 'refresh_purchase_analytics', 'scheduled__2025-12-20T02:00:00+00:00', '--job-id', '41', '--raw', '--subdir', 'DAGS_FOLDER/purchase_analytics_dag.py', '--cfg-path', '/tmp/tmp2nl82qxy']
[2025-12-21T15:22:58.047+0000] {standard_task_runner.py:88} INFO - Job 41: Subtask refresh_purchase_analytics
[2025-12-21T15:22:58.150+0000] {task_command.py:423} INFO - Running <TaskInstance: purchase_analytics_refresh.refresh_purchase_analytics scheduled__2025-12-20T02:00:00+00:00 [running]> on host 56419edd45e9
[2025-12-21T15:22:58.645+0000] {taskinstance.py:2481} INFO - Exporting env vars: AIRFLOW_CTX_DAG_OWNER='***' AIRFLOW_CTX_DAG_ID='purchase_analytics_refresh' AIRFLOW_CTX_TASK_ID='refresh_purchase_analytics' AIRFLOW_CTX_EXECUTION_DATE='2025-12-20T02:00:00+00:00' AIRFLOW_CTX_TRY_NUMBER='1' AIRFLOW_CTX_DAG_RUN_ID='scheduled__2025-12-20T02:00:00+00:00'
[2025-12-21T15:23:01.479+0000] {logging_mixin.py:188} INFO - Витрина 'Аналитика закупок' успешно обновлена
[2025-12-21T15:23:01.484+0000] {python.py:201} INFO - Done. Returned value was: None
[2025-12-21T15:23:01.526+0000] {taskinstance.py:1138} INFO - Marking task as SUCCESS. dag_id=purchase_analytics_refresh, task_id=refresh_purchase_analytics, execution_date=20251220T020000, start_date=20251221T152258, end_date=20251221T152301
[2025-12-21T15:23:01.581+0000] {local_task_job_runner.py:234} INFO - Task exited with return code 0
[2025-12-21T15:23:01.628+0000] {taskinstance.py:3281} INFO - 0 downstream tasks scheduled from follow-on schedule check
[2025-12-21T15:47:24.096+0000] {taskinstance.py:1957} INFO - Dependencies all met for dep_context=non-requeueable deps ti=<TaskInstance: purchase_analytics_refresh.refresh_purchase_analytics scheduled__2025-12-20T02:00:00+00:00 [queued]>
[2025-12-21T15:47:24.101+0000] {taskinstance.py:1957} INFO - Dependencies all met for dep_context=requeueable deps ti=<TaskInstance: purchase_analytics_refresh.refresh_purchase_analytics scheduled__2025-12-20T02:00:00+00:00 [queued]>
[2025-12-21T15:47:24.101+0000] {taskinstance.py:2171} INFO - Starting attempt 1 of 2
[2025-12-21T15:47:24.109+0000] {taskinstance.py:2192} INFO - Executing <Task(PythonOperator): refresh_purchase_analytics> on 2025-12-20 02:00:00+00:00
[2025-12-21T15:47:24.112+0000] {standard_task_runner.py:60} INFO - Started process 74 to run task
[2025-12-21T15:47:24.115+0000] {standard_task_runner.py:87} INFO - Running: ['***', 'tasks', 'run', 'purchase_analytics_refresh', 'refresh_purchase_analytics', 'scheduled__2025-12-20T02:00:00+00:00', '--job-id', '2', '--raw', '--subdir', 'DAGS_FOLDER/purchase_analytics_dag.py', '--cfg-path', '/tmp/tmprkv2end8']
[2025-12-21T15:47:24.117+0000] {standard_task_runner.py:88} INFO - Job 2: Subtask refresh_purchase_analytics
[2025-12-21T15:47:24.180+0000] {task_command.py:423} INFO - Running <TaskInstance: purchase_analytics_refresh.refresh_purchase_analytics scheduled__2025-12-20T02:00:00+00:00 [running]> on host 17b362db6158
[2025-12-21T15:47:24.387+0000] {taskinstance.py:2481} INFO - Exporting env vars: AIRFLOW_CTX_DAG_OWNER='***' AIRFLOW_CTX_DAG_ID='purchase_analytics_refresh' AIRFLOW_CTX_TASK_ID='refresh_purchase_analytics' AIRFLOW_CTX_EXECUTION_DATE='2025-12-20T02:00:00+00:00' AIRFLOW_CTX_TRY_NUMBER='1' AIRFLOW_CTX_DAG_RUN_ID='scheduled__2025-12-20T02:00:00+00:00'
[2025-12-21T15:47:27.973+0000] {logging_mixin.py:188} INFO - Витрина 'Аналитика закупок' успешно обновлена
[2025-12-21T15:47:27.978+0000] {python.py:201} INFO - Done. Returned value was: None
[2025-12-21T15:47:28.020+0000] {taskinstance.py:1138} INFO - Marking task as SUCCESS. dag_id=purchase_analytics_refresh, task_id=refresh_purchase_analytics, execution_date=20251220T020000, start_date=20251221T154724, end_date=20251221T154728
[2025-12-21T15:47:28.068+0000] {local_task_job_runner.py:234} INFO - Task exited with return code 0
[2025-12-21T15:47:28.130+0000] {taskinstance.py:3281} INFO - 0 downstream tasks scheduled from follow-on schedule check
[2025-12-21T15:57:31.336+0000] {taskinstance.py:1957} INFO - Dependencies all met for dep_context=non-requeueable deps ti=<TaskInstance: purchase_analytics_refresh.refresh_purchase_analytics scheduled__2025-12-20T02:00:00+00:00 [queued]>
[2025-12-21T15:57:31.341+0000] {taskinstance.py:1957} INFO - Dependencies all met for dep_context=requeueable deps ti=<TaskInstance: purchase_analytics_refresh.refresh_purchase_analytics scheduled__2025-12-20T02:00:00+00:00 [queued]>
[2025-12-21T15:57:31.342+0000] {taskinstance.py:2171} INFO - Starting attempt 1 of 2
[2025-12-21T15:57:31.349+0000] {taskinstance.py:2192} INFO - Executing <Task(PythonOperator): refresh_purchase_analytics> on 2025-12-20 02:00:00+00:00
[2025-12-21T15:57:31.352+0000] {standard_task_runner.py:60} INFO - Started process 54 to run task
[2025-12-21T15:57:31.358+0000] {standard_task_runner.py:87} INFO - Running: ['***', 'tasks', 'run', 'purchase_analytics_refresh', 'refresh_purchase_analytics', 'scheduled__2025-12-20T02:00:00+00:00', '--job-id', '2', '--raw', '--subdir', 'DAGS_FOLDER/purchase_analytics_dag.py', '--cfg-path', '/tmp/tmpji1pvevz']
[2025-12-21T15:57:31.363+0000] {standard_task_runner.py:88} INFO - Job 2: Subtask refresh_purchase_analytics
[2025-12-21T15:57:31.424+0000] {task_command.py:423} INFO - Running <TaskInstance: purchase_analytics_refresh.refresh_purchase_analytics scheduled__2025-12-20T02:00:00+00:00 [running]> on host 6f2359622a7c
[2025-12-21T15:57:31.660+0000] {taskinstance.py:2481} INFO - Exporting env vars: AIRFLOW_CTX_DAG_OWNER='***' AIRFLOW_CTX_DAG_ID='purchase_analytics_refresh' AIRFLOW_CTX_TASK_ID='refresh_purchase_analytics' AIRFLOW_CTX_EXECUTION_DATE='2025-12-20T02:00:00+00:00' AIRFLOW_CTX_TRY_NUMBER='1' AIRFLOW_CTX_DAG_RUN_ID='scheduled__2025-12-20T02:00:00+00:00'
[2025-12-21T15:57:34.367+0000] {logging_mixin.py:188} INFO - Витрина 'Аналитика закупок' успешно обновлена
[2025-12-21T15:57:34.369+0000] {python.py:201} INFO - Done. Returned value was: None
[2025-12-21T15:57:34.398+0000] {taskinstance.py:1138} INFO - Marking task as SUCCESS. dag_id=purchase_analytics_refresh, task_id=refresh_purchase_analytics, execution_date=20251220T020000, start_date=20251221T155731, end_date=20251221T155734
[2025-12-21T15:57:34.453+0000] {local_task_job_runner.py:234} INFO - Task exited with return code 0
[2025-12-21T15:57:34.487+0000] {taskinstance.py:3281} INFO - 0 downstream tasks scheduled from follow-on schedule check
[2025-12-21T16:05:42.918+0000] {taskinstance.py:1957} INFO - Dependencies all met for dep_context=non-requeueable deps ti=<TaskInstance: purchase_analytics_refresh.refresh_purchase_analytics scheduled__2025-12-20T02:00:00+00:00 [queued]>
[2025-12-21T16:05:42.924+0000] {taskinstance.py:1957} INFO - Dependencies all met for dep_context=requeueable deps ti=<TaskInstance: purchase_analytics_refresh.refresh_purchase_analytics scheduled__2025-12-20T02:00:00+00:00 [queued]>
[2025-12-21T16:05:42.924+0000] {taskinstance.py:2171} INFO - Starting attempt 1 of 2
[2025-12-21T16:05:42.932+0000] {taskinstance.py:2192} INFO - Executing <Task(PythonOperator): refresh_purchase_analytics> on 2025-12-20 02:00:00+00:00
[2025-12-21T16:05:42.936+0000] {standard_task_runner.py:60} INFO - Started process 54 to run task
[2025-12-21T16:05:42.939+0000] {standard_task_runner.py:87} INFO - Running: ['***', 'tasks', 'run', 'purchase_analytics_refresh', 'refresh_purchase_analytics', 'scheduled__2025-12-20T02:00:00+00:00', '--job-id', '2', '--raw', '--subdir', 'DAGS_FOLDER/purchase_analytics_dag.py', '--cfg-path', '/tmp/tmpo3pxsg8w']
[2025-12-21T16:05:42.941+0000] {standard_task_runner.py:88} INFO - Job 2: Subtask refresh_purchase_analytics
[2025-12-21T16:05:42.991+0000] {task_command.py:423} INFO - Running <TaskInstance: purchase_analytics_refresh.refresh_purchase_analytics scheduled__2025-12-20T02:00:00+00:00 [running]> on host ba6a44c4c07b
[2025-12-21T16:05:43.206+0000] {taskinstance.py:2481} INFO - Exporting env vars: AIRFLOW_CTX_DAG_OWNER='***' AIRFLOW_CTX_DAG_ID='purchase_analytics_refresh' AIRFLOW_CTX_TASK_ID='refresh_purchase_analytics' AIRFLOW_CTX_EXECUTION_DATE='2025-12-20T02:00:00+00:00' AIRFLOW_CTX_TRY_NUMBER='1' AIRFLOW_CTX_DAG_RUN_ID='scheduled__2025-12-20T02:00:00+00:00'
[2025-12-21T16:05:45.321+0000] {logging_mixin.py:188} INFO - Витрина 'Аналитика закупок' успешно обновлена
[2025-12-21T16:05:45.322+0000] {python.py:201} INFO - Done. Returned value was: None
[2025-12-21T16:05:45.337+0000] {taskinstance.py:1138} INFO - Marking task as SUCCESS. dag_id=purchase_analytics_refresh, task_id=refresh_purchase_analytics, execution_date=20251220T020000, start_date=20251221T160542, end_date=20251221T160545
[2025-12-21T16:05:45.367+0000] {local_task_job_runner.py:234} INFO - Task exited with return code 0
[2025-12-21T16:05:45.385+0000] {taskinstance.py:3281} INFO - 0 downstream tasks scheduled from follow-on schedule check
[2025-12-21T16:20:45.598+0000] {taskinstance.py:1957} INFO - Dependencies all met for dep_context=non-requeueable deps ti=<TaskInstance: purchase_analytics_refresh.refresh_purchase_analytics scheduled__2025-12-20T02:00:00+00:00 [queued]>
[2025-12-21T16:20:45.604+0000] {taskinstance.py:1957} INFO - Dependencies all met for dep_context=requeueable deps ti=<TaskInstance: purchase_analytics_refresh.refresh_purchase_analytics scheduled__2025-12-20T02:00:00+00:00 [queued]>
[2025-12-21T16:20:45.604+0000] {taskinstance.py:2171} INFO - Starting attempt 1 of 2
[2025-12-21T16:20:45.611+0000] {taskinstance.py:2192} INFO - Executing <Task(PythonOperator): refresh_purchase_analytics> on 2025-12-20 02:00:00+00:00
[2025-12-21T16:20:45.614+0000] {standard_task_runner.py:60} INFO - Started process 74 to run task
[2025-12-21T16:20:45.627+0000] {standard_task_runner.py:87} INFO - Running: ['***', 'tasks', 'run', 'purchase_analytics_refresh', 'refresh_purchase_analytics', 'scheduled__2025-12-20T02:00:00+00:00', '--job-id', '2', '--raw', '--subdir', 'DAGS_FOLDER/purchase_analytics_dag.py', '--cfg-path', '/tmp/tmp5r4htjd9']
[2025-12-21T16:20:45.630+0000] {standard_task_runner.py:88} INFO - Job 2: Subtask refresh_purchase_analytics
[2025-12-21T16:20:45.688+0000] {task_command.py:423} INFO - Running <TaskInstance: purchase_analytics_refresh.refresh_purchase_analytics scheduled__2025-12-20T02:00:00+00:00 [running]> on host 5b34f2d3bfaf
[2025-12-21T16:20:45.917+0000] {taskinstance.py:2481} INFO - Exporting env vars: AIRFLOW_CTX_DAG_OWNER='***' AIRFLOW_CTX_DAG_ID='purchase_analytics_refresh' AIRFLOW_CTX_TASK_ID='refresh_purchase_analytics' AIRFLOW_CTX_EXECUTION_DATE='2025-12-20T02:00:00+00:00' AIRFLOW_CTX_TRY_NUMBER='1' AIRFLOW_CTX_DAG_RUN_ID='scheduled__2025-12-20T02:00:00+00:00'
[2025-12-21T16:20:48.698+0000] {logging_mixin.py:188} INFO - Витрина 'Аналитика закупок' успешно обновлена
[2025-12-21T16:20:48.703+0000] {python.py:201} INFO - Done. Returned value was: None
[2025-12-21T16:20:48.724+0000] {taskinstance.py:1138} INFO - Marking task as SUCCESS. dag_id=purchase_analytics_refresh, task_id=refresh_purchase_analytics, execution_date=20251220T020000, start_date=20251221T162045, end_date=20251221T162048
[2025-12-21T16:20:48.764+0000] {local_task_job_runner.py:234} INFO - Task exited with return code 0
[2025-12-21T16:20:48.784+0000] {taskinstance.py:3281} INFO - 0 downstream tasks scheduled from follow-on schedule check
[2025-12-21T18:17:34.100+0000] {taskinstance.py:1957} INFO - Dependencies all met for dep_context=non-requeueable deps ti=<TaskInstance: purchase_analytics_refresh.refresh_purchase_analytics scheduled__2025-12-20T02:00:00+00:00 [queued]>
[2025-12-21T18:17:34.106+0000] {taskinstance.py:1957} INFO - Dependencies all met for dep_context=requeueable deps ti=<TaskInstance: purchase_analytics_refresh.refresh_purchase_analytics scheduled__2025-12-20T02:00:00+00:00 [queued]>
[2025-12-21T18:17:34.107+0000] {taskinstance.py:2171} INFO - Starting attempt 1 of 2
[2025-12-21T18:17:34.115+0000] {taskinstance.py:2192} INFO - Executing <Task(PythonOperator): refresh_purchase_analytics> on 2025-12-20 02:00:00+00:00
[2025-12-21T18:17:34.118+0000] {standard_task_runner.py:60} INFO - Started process 183 to run task
[2025-12-21T18:17:34.121+0000] {standard_task_runner.py:87} INFO - Running: ['***', 'tasks', 'run', 'purchase_analytics_refresh', 'refresh_purchase_analytics', 'scheduled__2025-12-20T02:00:00+00:00', '--job-id', '2', '--raw', '--subdir', 'DAGS_FOLDER/purchase_analytics_dag.py', '--cfg-path', '/tmp/tmpqo1moj44']
[2025-12-21T18:17:34.124+0000] {standard_task_runner.py:88} INFO - Job 2: Subtask refresh_purchase_analytics
[2025-12-21T18:17:34.184+0000] {task_command.py:423} INFO - Running <TaskInstance: purchase_analytics_refresh.refresh_purchase_analytics scheduled__2025-12-20T02:00:00+00:00 [running]> on host 7bcda786adaa
[2025-12-21T18:17:34.369+0000] {taskinstance.py:2481} INFO - Exporting env vars: AIRFLOW_CTX_DAG_OWNER='***' AIRFLOW_CTX_DAG_ID='purchase_analytics_refresh' AIRFLOW_CTX_TASK_ID='refresh_purchase_analytics' AIRFLOW_CTX_EXECUTION_DATE='2025-12-20T02:00:00+00:00' AIRFLOW_CTX_TRY_NUMBER='1' AIRFLOW_CTX_DAG_RUN_ID='scheduled__2025-12-20T02:00:00+00:00'
[2025-12-21T18:17:34.411+0000] {logging_mixin.py:188} INFO - Витрина 'Аналитика закупок' успешно обновлена
[2025-12-21T18:17:34.411+0000] {python.py:201} INFO - Done. Returned value was: None
[2025-12-21T18:17:34.424+0000] {taskinstance.py:1138} INFO - Marking task as SUCCESS. dag_id=purchase_analytics_refresh, task_id=refresh_purchase_analytics, execution_date=20251220T020000, start_date=20251221T181734, end_date=20251221T181734
[2025-12-21T18:17:34.475+0000] {local_task_job_runner.py:234} INFO - Task exited with return code 0
[2025-12-21T18:17:34.492+0000] {taskinstance.py:3281} INFO - 0 downstream tasks scheduled from follow-on schedule check
[2025-12-21T18:29:33.401+0000] {taskinstance.py:1957} INFO - Dependencies all met for dep_context=non-requeueable deps ti=<TaskInstance: purchase_analytics_refresh.refresh_purchase_analytics scheduled__2025-12-20T02:00:00+00:00 [queued]>
[2025-12-21T18:29:33.408+0000] {taskinstance.py:1957} INFO - Dependencies all met for dep_context=requeueable deps ti=<TaskInstance: purchase_analytics_refresh.refresh_purchase_analytics scheduled__2025-12-20T02:00:00+00:00 [queued]>
[2025-12-21T18:29:33.409+0000] {taskinstance.py:2171} INFO - Starting attempt 1 of 2
[2025-12-21T18:29:33.419+0000] {taskinstance.py:2192} INFO - Executing <Task(PythonOperator): refresh_purchase_analytics> on 2025-12-20 02:00:00+00:00
[2025-12-21T18:29:33.425+0000] {standard_task_runner.py:60} INFO - Started process 74 to run task
[2025-12-21T18:29:33.441+0000] {standard_task_runner.py:87} INFO - Running: ['***', 'tasks', 'run', 'purchase_analytics_refresh', 'refresh_purchase_analytics', 'scheduled__2025-12-20T02:00:00+00:00', '--job-id', '2', '--raw', '--subdir', 'DAGS_FOLDER/purchase_analytics_dag.py', '--cfg-path', '/tmp/tmpm4obbtoj']
[2025-12-21T18:29:33.452+0000] {standard_task_runner.py:88} INFO - Job 2: Subtask refresh_purchase_analytics
[2025-12-21T18:29:33.665+0000] {task_command.py:423} INFO - Running <TaskInstance: purchase_analytics_refresh.refresh_purchase_analytics scheduled__2025-12-20T02:00:00+00:00 [running]> on host 2ed07f17b60e
[2025-12-21T18:29:34.112+0000] {taskinstance.py:2481} INFO - Exporting env vars: AIRFLOW_CTX_DAG_OWNER='***' AIRFLOW_CTX_DAG_ID='purchase_analytics_refresh' AIRFLOW_CTX_TASK_ID='refresh_purchase_analytics' AIRFLOW_CTX_EXECUTION_DATE='2025-12-20T02:00:00+00:00' AIRFLOW_CTX_TRY_NUMBER='1' AIRFLOW_CTX_DAG_RUN_ID='scheduled__2025-12-20T02:00:00+00:00'
[2025-12-21T18:29:34.181+0000] {logging_mixin.py:188} INFO - Витрина 'Аналитика закупок' успешно обновлена
[2025-12-21T18:29:34.182+0000] {python.py:201} INFO - Done. Returned value was: None
[2025-12-21T18:29:34.194+0000] {taskinstance.py:1138} INFO - Marking task as SUCCESS. dag_id=purchase_analytics_refresh, task_id=refresh_purchase_analytics, execution_date=20251220T020000, start_date=20251221T182933, end_date=20251221T182934
[2025-12-21T18:29:34.243+0000] {local_task_job_runner.py:234} INFO - Task exited with return code 0
[2025-12-21T18:29:34.265+0000] {taskinstance.py:3281} INFO - 0 downstream tasks scheduled from follow-on schedule check
[2025-12-21T20:17:12.339+0000] {taskinstance.py:1957} INFO - Dependencies all met for dep_context=non-requeueable deps ti=<TaskInstance: purchase_analytics_refresh.refresh_purchase_analytics scheduled__2025-12-20T02:00:00+00:00 [queued]>
[2025-12-21T20:17:12.348+0000] {taskinstance.py:1957} INFO - Dependencies all met for dep_context=requeueable deps ti=<TaskInstance: purchase_analytics_refresh.refresh_purchase_analytics scheduled__2025-12-20T02:00:00+00:00 [queued]>
[2025-12-21T20:17:12.348+0000] {taskinstance.py:2171} INFO - Starting attempt 1 of 2
[2025-12-21T20:17:12.356+0000] {taskinstance.py:2192} INFO - Executing <Task(PythonOperator): refresh_purchase_analytics> on 2025-12-20 02:00:00+00:00
[2025-12-21T20:17:12.365+0000] {standard_task_runner.py:60} INFO - Started process 64 to run task
[2025-12-21T20:17:12.370+0000] {standard_task_runner.py:87} INFO - Running: ['***', 'tasks', 'run', 'purchase_analytics_refresh', 'refresh_purchase_analytics', 'scheduled__2025-12-20T02:00:00+00:00', '--job-id', '2', '--raw', '--subdir', 'DAGS_FOLDER/purchase_analytics_dag.py', '--cfg-path', '/tmp/tmpf8_5azit']
[2025-12-21T20:17:12.374+0000] {standard_task_runner.py:88} INFO - Job 2: Subtask refresh_purchase_analytics
[2025-12-21T20:17:12.439+0000] {task_command.py:423} INFO - Running <TaskInstance: purchase_analytics_refresh.refresh_purchase_analytics scheduled__2025-12-20T02:00:00+00:00 [running]> on host 58e9a51c9fed
[2025-12-21T20:17:12.856+0000] {taskinstance.py:2481} INFO - Exporting env vars: AIRFLOW_CTX_DAG_OWNER='***' AIRFLOW_CTX_DAG_ID='purchase_analytics_refresh' AIRFLOW_CTX_TASK_ID='refresh_purchase_analytics' AIRFLOW_CTX_EXECUTION_DATE='2025-12-20T02:00:00+00:00' AIRFLOW_CTX_TRY_NUMBER='1' AIRFLOW_CTX_DAG_RUN_ID='scheduled__2025-12-20T02:00:00+00:00'
[2025-12-21T20:17:12.921+0000] {logging_mixin.py:188} INFO - Витрина 'Аналитика закупок' успешно обновлена
[2025-12-21T20:17:12.921+0000] {python.py:201} INFO - Done. Returned value was: None
[2025-12-21T20:17:12.936+0000] {taskinstance.py:1138} INFO - Marking task as SUCCESS. dag_id=purchase_analytics_refresh, task_id=refresh_purchase_analytics, execution_date=20251220T020000, start_date=20251221T201712, end_date=20251221T201712
[2025-12-21T20:17:12.970+0000] {local_task_job_runner.py:234} INFO - Task exited with return code 0
[2025-12-21T20:17:12.994+0000] {taskinstance.py:3281} INFO - 0 downstream tasks scheduled from follow-on schedule check
[2025-12-21T20:38:55.483+0000] {taskinstance.py:1957} INFO - Dependencies all met for dep_context=non-requeueable deps ti=<TaskInstance: purchase_analytics_refresh.refresh_purchase_analytics scheduled__2025-12-20T02:00:00+00:00 [queued]>
[2025-12-21T20:38:55.491+0000] {taskinstance.py:1957} INFO - Dependencies all met for dep_context=requeueable deps ti=<TaskInstance: purchase_analytics_refresh.refresh_purchase_analytics scheduled__2025-12-20T02:00:00+00:00 [queued]>
[2025-12-21T20:38:55.491+0000] {taskinstance.py:2171} INFO - Starting attempt 1 of 2
[2025-12-21T20:38:55.502+0000] {taskinstance.py:2192} INFO - Executing <Task(PythonOperator): refresh_purchase_analytics> on 2025-12-20 02:00:00+00:00
[2025-12-21T20:38:55.506+0000] {standard_task_runner.py:60} INFO - Started process 91 to run task
[2025-12-21T20:38:55.512+0000] {standard_task_runner.py:87} INFO - Running: ['***', 'tasks', 'run', 'purchase_analytics_refresh', 'refresh_purchase_analytics', 'scheduled__2025-12-20T02:00:00+00:00', '--job-id', '2', '--raw', '--subdir', 'DAGS_FOLDER/purchase_analytics_dag.py', '--cfg-path', '/tmp/tmpvi4wt1e7']
[2025-12-21T20:38:55.514+0000] {standard_task_runner.py:88} INFO - Job 2: Subtask refresh_purchase_analytics
[2025-12-21T20:38:55.579+0000] {task_command.py:423} INFO - Running <TaskInstance: purchase_analytics_refresh.refresh_purchase_analytics scheduled__2025-12-20T02:00:00+00:00 [running]> on host bec68252d489
[2025-12-21T20:38:55.772+0000] {taskinstance.py:2481} INFO - Exporting env vars: AIRFLOW_CTX_DAG_OWNER='***' AIRFLOW_CTX_DAG_ID='purchase_analytics_refresh' AIRFLOW_CTX_TASK_ID='refresh_purchase_analytics' AIRFLOW_CTX_EXECUTION_DATE='2025-12-20T02:00:00+00:00' AIRFLOW_CTX_TRY_NUMBER='1' AIRFLOW_CTX_DAG_RUN_ID='scheduled__2025-12-20T02:00:00+00:00'
[2025-12-21T20:38:57.997+0000] {logging_mixin.py:188} INFO - Витрина 'Аналитика закупок' успешно обновлена
[2025-12-21T20:38:58.003+0000] {python.py:201} INFO - Done. Returned value was: None
[2025-12-21T20:38:58.036+0000] {taskinstance.py:1138} INFO - Marking task as SUCCESS. dag_id=purchase_analytics_refresh, task_id=refresh_purchase_analytics, execution_date=20251220T020000, start_date=20251221T203855, end_date=20251221T203858
[2025-12-21T20:38:58.075+0000] {local_task_job_runner.py:234} INFO - Task exited with return code 0
[2025-12-21T20:38:58.114+0000] {taskinstance.py:3281} INFO - 0 downstream tasks scheduled from follow-on schedule check
